MPASM  5.31                          MAIN.ASM   11-12-2018  14:13:12         PAGE  1


LOC  OBJECT CODE     LINE SOURCE TEXT
  VALUE

                      00001                 #INCLUDE<P16F628.INC>
                      00001         LIST
                      00002 ; P16F628.INC  Standard Header File, Version 1.01    Microchip Technology, Inc.
                      00261         LIST
2007   3F10           00002                 __CONFIG 3F10
                      00003                 
                      00004 ;DECLARACION DE ESPACIOS DE MEMORIA A USAR              
                      00005                 CBLOCK  0X20
  00000020            00006                 D1
  00000021            00007                 D2
  00000022            00008                 D3
  00000023            00009                 D4
  00000024            00010                 INPUT_1                                                         ;PRIMER INPUT (0x000 A 0
                            xFFF)
  00000025            00011                 INPUT_2                                                         ;SEGUNDO INPUT (0x000 A 
                            0xFFF)
  00000026            00012                 POSJMP                                                          ;SALTOS PARA DISPLAY (1 
                            EN 1)
  00000027            00013                 POSD                                                            ;POSICION DEL DISPLAY
  00000028            00014                 AUX_W
  00000029            00015                 AUX_STATUS
  0000002A            00016                 CONT_AR 
  0000002B            00017                 CONT_AR_2
                      00018                 ENDC            
                      00019 
                      00020 ;DECLARACION DE CONSTATNES
                      00021 #DEFINE BTN_G1  PORTA,6
                      00022 #DEFINE BTN_G2  PORTA,7
                      00023 #DEFINE BTN_R   PORTA,4
                      00024 #DEFINE BTN_M   PORTB,0
                      00025 
                      00026 #DEFINE PIN_D1  3
                      00027 #DEFINE PIN_D2  2
                      00028 #DEFINE PIN_D3  1
                      00029 #DEFINE PIN_D4  0
                      00030 
                      00031 #DEFINE CTRL_DISPLAY    PORTA
                      00032 #DEFINE APAGAR_DISPLAYS CLRF    PORTA
                      00033 
                      00034 ;DECLARACION DE MACROS
                      00035 
                      00036 MOSTRAR MACRO   DIGITO,PIN
                      00037                 APAGAR_DISPLAYS
                      00038                 MOVF    DIGITO,W
                      00039                 CALL    TAB_DISPLAY
                      00040                 MOVWF   PORTB
                      00041                 BSF             CTRL_DISPLAY,PIN
                      00042                 ENDM
                      00043 
                      00044 SUMAR   MACRO   DIGITO
                      00045                 INCF    DIGITO,1
                      00046                 MOVF    DIGITO,W
                      00047                 XORLW   .16                                     ; LIMITE DE DIGITO -1
MPASM  5.31                          MAIN.ASM   11-12-2018  14:13:12         PAGE  2


LOC  OBJECT CODE     LINE SOURCE TEXT
  VALUE

                      00048                 BTFSC   STATUS,Z                        ; SI LLEGO AL LIMITE Z = 0
                      00049                 CLRF    DIGITO                          ; LO PONE EN 0 PORQUE Z = 0
                      00050                 BTFSC   STATUS,Z
                      00051                 CALL    LOOP_DISPLAY
                      00052                 ENDM                                            
                      00053 
                      00054 ;INICIO DEL PROGRAMA
                      00055                 
                      00056                 ORG             0X00
0000   2???           00057                 GOTO    CONFI
                      00058                 ORG             0X04            
                      00059 
                      00060 ;RUTINA DE INTERRUPCION
                      00061 ;DESBORDA EL TIMER CADA 15ms
                      00062 ;MUESTRA TODOS LOS DIGITOS DE ACUERDO A LAS VARIABLES D1:4
                      00063 
                      00064 ;GUARDA STATUS Y W EN VARIABLES AUXILIARES
0004   110B           00065                 BCF             INTCON,T0IF
0005   138B           00066                 BCF             INTCON,GIE              
0006   00A8           00067                 MOVWF   AUX_W
0007   3003           00068                 MOVLW   STATUS
0008   00A9           00069                 MOVWF   AUX_STATUS
                      00070 ;MULTIPLEXADO DE DISPLAYS
0009   1985           00071                 BTFSC   CTRL_DISPLAY,PIN_D1
000A   2???           00072                 GOTO    MOSTRAR_D2                      
000B   1905           00073                 BTFSC   CTRL_DISPLAY,PIN_D2
000C   2???           00074                 GOTO    MOSTRAR_D3
000D   1885           00075                 BTFSC   CTRL_DISPLAY,PIN_D3
000E   2???           00076                 GOTO    MOSTRAR_D4
                      00077                 
                      00078                 MOSTRAR D1,PIN_D1
000F   0185               M                 APAGAR_DISPLAYS
0010   0820               M                 MOVF    D1,W
0011   2???               M                 CALL    TAB_DISPLAY
0012   0086               M                 MOVWF   PORTB
0013   1585               M                 BSF             CTRL_DISPLAY,3
0014   2???           00079                 GOTO    FIN_T0I
                      00080 
0015                  00081 MOSTRAR_D2
                      00082                 MOSTRAR D2,PIN_D2
0015   0185               M                 APAGAR_DISPLAYS
0016   0821               M                 MOVF    D2,W
0017   2???               M                 CALL    TAB_DISPLAY
0018   0086               M                 MOVWF   PORTB
0019   1505               M                 BSF             CTRL_DISPLAY,2
001A   2???           00083                 GOTO    FIN_T0I
                      00084 
001B                  00085 MOSTRAR_D3
                      00086                 MOSTRAR D3,PIN_D3
001B   0185               M                 APAGAR_DISPLAYS
001C   0822               M                 MOVF    D3,W
001D   2???               M                 CALL    TAB_DISPLAY
001E   0086               M                 MOVWF   PORTB
MPASM  5.31                          MAIN.ASM   11-12-2018  14:13:12         PAGE  3


LOC  OBJECT CODE     LINE SOURCE TEXT
  VALUE

001F   1485               M                 BSF             CTRL_DISPLAY,1
0020   2???           00087                 GOTO    FIN_T0I
                      00088 
0021                  00089 MOSTRAR_D4
                      00090                 MOSTRAR D4,PIN_D4
0021   0185               M                 APAGAR_DISPLAYS
0022   0823               M                 MOVF    D4,W
0023   2???               M                 CALL    TAB_DISPLAY
0024   0086               M                 MOVWF   PORTB
0025   1405               M                 BSF             CTRL_DISPLAY,0
                      00091                 
0026                  00092 FIN_T0I
                      00093 ;REINICIA TIMER Y RECUPERA STATUS Y W
0026   30C6           00094                 MOVLW   .198
0027   0081           00095                 MOVWF   TMR0
0028   0829           00096                 MOVF    AUX_STATUS,W
0029   0083           00097                 MOVWF   STATUS
002A   0828           00098                 MOVF    AUX_W,W
002B   0009           00099                 RETFIE
                      00100 
                      00101 ;CONFIGURACION
                      00102                 
002C                  00103 CONFI
002C   3001           00104                 MOVLW   .1
002D   00A6           00105                 MOVWF   POSJMP
002E   3007           00106                 MOVLW   0X07
002F   009F           00107                 MOVWF   CMCON; CMCON SE TIENE QUE ESTABLECER EN 7 PARA USAR TODO EL PORTA
0030   30C6           00108                 MOVLW   .198
0031   0081           00109                 MOVWF   TMR0
0032   1683           00110                 BSF             STATUS,RP0
0033   3001           00111                 MOVLW   b'00000001'
Message[302]: Register in operand not in bank 0.  Ensure that bank bits are correct.
0034   0086           00112                 MOVWF   TRISB   
0035   30F0           00113                 MOVLW   b'11110000'
Message[302]: Register in operand not in bank 0.  Ensure that bank bits are correct.
0036   0085           00114                 MOVWF   TRISA
Message[302]: Register in operand not in bank 0.  Ensure that bank bits are correct.
0037   1281           00115                 BCF             OPTION_REG,T0CS
Message[302]: Register in operand not in bank 0.  Ensure that bank bits are correct.
0038   1181           00116                 BCF             OPTION_REG,PSA
Message[302]: Register in operand not in bank 0.  Ensure that bank bits are correct.
0039   1401           00117                 BSF             OPTION_REG,PS0
Message[302]: Register in operand not in bank 0.  Ensure that bank bits are correct.
003A   1481           00118                 BSF             OPTION_REG,PS1
Message[302]: Register in operand not in bank 0.  Ensure that bank bits are correct.
003B   1501           00119                 BSF             OPTION_REG,PS2
003C   178B           00120                 BSF             INTCON,GIE
003D   168B           00121                 BSF             INTCON,T0IE
003E   1283           00122                 BCF             STATUS,RP0
                      00123 
                      00124 ;RUTINA PRINCIPAL
                      00125 ;INCREMENTA DE 0 A 9 CADA DIGITO DEPENDIENDO QUE BOTON SE TOCA. 
                      00126 
MPASM  5.31                          MAIN.ASM   11-12-2018  14:13:12         PAGE  4


LOC  OBJECT CODE     LINE SOURCE TEXT
  VALUE

003F   0185           00127                 CLRF    PORTA
0040   0186           00128                 CLRF    PORTB
0041   01A0           00129                 CLRF    D1
0042   01A1           00130                 CLRF    D2
0043   01A2           00131                 CLRF    D3
0044   01A3           00132                 CLRF    D4
0045                  00133 BOTONES
0045   1B05           00134                 BTFSC   BTN_G1                  ;BOTON G1 = INCREMENTA
0046   2???           00135                 CALL    DEMORA_AR
0047   1B05           00136                 BTFSC   BTN_G1                  
                      00137                 SUMAR   D3                              ;TIENE QUE SUMAR DE 000 A FFF (D3 Y D4 ESTAN INV
                            ERTIDOS EN EL SIMULADOR)
0048   0AA2               M                 INCF    D3,1
0049   0822               M                 MOVF    D3,W
004A   3A10               M                 XORLW   .16                                     ; LIMITE DE DIGITO -1
004B   1903               M                 BTFSC   STATUS,Z                        ; SI LLEGO AL LIMITE Z = 0
004C   01A2               M                 CLRF    D3                              ; LO PONE EN 0 PORQUE Z = 0
004D   1903               M                 BTFSC   STATUS,Z
004E   2???               M                 CALL    LOOP_DISPLAY
                      00138                 
004F   1B85           00139                 BTFSC   BTN_G2                  ;BOTON G2 = RESTA
0050   2???           00140                 CALL    DEMORA_AR
0051   1B85           00141                 BTFSC   BTN_G2
0052   2???           00142                 CALL    LOOP_RESTAR             ;VERFICA LOS DISPLAY Y LE RESTA DE A 1
                      00143 
0053   1A05           00144                 BTFSC   BTN_R
0054   2???           00145                 CALL    DEMORA_AR
0055   1A05           00146                 BTFSC   BTN_R
0056   0185           00147                 APAGAR_DISPLAYS
                      00148 
0057   1806           00149                 BTFSC   BTN_M
0058   2???           00150                 CALL    DEMORA_AR
0059   1806           00151                 BTFSC   BTN_M
                      00152                 SUMAR   D1                              ;MUESTRA EL DISPLAY1
005A   0AA0               M                 INCF    D1,1
005B   0820               M                 MOVF    D1,W
005C   3A10               M                 XORLW   .16                                     ; LIMITE DE DIGITO -1
005D   1903               M                 BTFSC   STATUS,Z                        ; SI LLEGO AL LIMITE Z = 0
005E   01A0               M                 CLRF    D1                              ; LO PONE EN 0 PORQUE Z = 0
005F   1903               M                 BTFSC   STATUS,Z
0060   2???               M                 CALL    LOOP_DISPLAY
0061   2???           00153                 GOTO    BOTONES
                      00154 
0062                  00155 LOOP_RESTAR
0062   0822           00156                 MOVF    D3,0                    ;SI D3 ES 00 NO HACER NADA SINO RESTAR
0063   1803           00157                 BTFSC   STATUS,W
0064   03A2           00158                 DECF    D3,1
0065   3010           00159                 MOVLW   .16
0066   00A2           00160                 MOVWF   D3
0067   0008           00161                 RETURN
                      00162 
0068                  00163 LOOP_DISPLAY
0068   0822           00164                 MOVF    D3,0                    ;D3 (VER SI NO ESTAN MEZCLADOS EN EL REAL) 
MPASM  5.31                          MAIN.ASM   11-12-2018  14:13:12         PAGE  5


LOC  OBJECT CODE     LINE SOURCE TEXT
  VALUE

0069   3C10           00165                 SUBLW   .16
006A   1C03           00166                 BTFSS   STATUS,W                ;W = 0
006B   0008           00167                 RETURN
Message[305]: Using default destination of 1 (file).
006C   0AA3           00168                 INCF    D4                              ; SI ES 16 EMPEZAR A SUMARLE AL TERCER DISPLAY
006D   0823           00169                 MOVF    D4,W
006E   3A10           00170                 XORLW   .16                             ; LIMITE DE DIGITO -1
006F   1903           00171                 BTFSC   STATUS,Z                ; SI LLEGO AL LIMITE Z = 1
0070   01A3           00172                 CLRF    D4                              ; LO PONE EN 0 PORQUE Z = 1
0071   1903           00173                 BTFSC   STATUS,Z                        
0072   0823           00174                 MOVF    D4,0                    ;D4 (VER) SI ES 0 SUMARLE UNO A D2
0073   3C10           00175                 SUBLW   .16
0074   1C03           00176                 BTFSS   STATUS,W
0075   0008           00177                 RETURN
Message[305]: Using default destination of 1 (file).
0076   0AA1           00178                 INCF    D2
0077   0821           00179                 MOVF    D2,W
0078   3A10           00180                 XORLW   .16
0079   1903           00181                 BTFSC   STATUS,Z
007A   2???           00182                 CALL    LIMPIAR_DISPLAY ;LLEGO A 0X0FFF
007B   0008           00183                 RETURN
                      00184 
007C                  00185 LIMPIAR_DISPLAY
007C   01A3           00186                 CLRF    D4
007D   01A2           00187                 CLRF    D3
007E   01A1           00188                 CLRF    D2
007F   01A0           00189                 CLRF    D1
0080   0008           00190                 RETURN
0081                  00191 DEMORA_AR
0081   30FF           00192                 MOVLW   .255
0082   00AA           00193                 MOVWF   CONT_AR
0083                  00194 LOOP_AR
0083   30FF           00195                 MOVLW   .255
0084   00AB           00196                 MOVWF   CONT_AR_2
0085                  00197 LOOP_AR_2
0085   0BAB           00198                 DECFSZ  CONT_AR_2,1
0086   2???           00199                 GOTO    LOOP_AR_2
0087   0BAA           00200                 DECFSZ  CONT_AR,1
0088   2???           00201                 GOTO    LOOP_AR
0089   0008           00202                 RETURN
                      00203                         
                      00204 ;CONVERSOR A DISPLAY
                      00205 ;RB1->SEG A
                      00206 ;RB2->SEG B 
                      00207 ;RB3->SEG C
                      00208 ;RB4->SEG D
                      00209 ;RB5->SEG E 
                      00210 ;RB6->SEG F
                      00211 ;RB7->SEG G
                      00212 
008A                  00213 TAB_DISPLAY
008A   0782           00214                 ADDWF   PCL,1
                      00215                 ;         GFEDCBA-
MPASM  5.31                          MAIN.ASM   11-12-2018  14:13:12         PAGE  6


LOC  OBJECT CODE     LINE SOURCE TEXT
  VALUE

008B   347F           00216                 RETLW   b'01111111'                     ;0
008C   340D           00217                 RETLW   b'00001101'                     ;1
008D   34B7           00218                 RETLW   b'10110111'                     ;2
008E   349F           00219                 RETLW   b'10011111'                     ;3
008F   34CD           00220                 RETLW   b'11001101'                     ;4
0090   34DB           00221                 RETLW   b'11011011'                     ;5
0091   34FB           00222                 RETLW   b'11111011'                     ;6
0092   340F           00223                 RETLW   b'00001111'                     ;7
0093   34FF           00224                 RETLW   b'11111111'                     ;8
0094   34CF           00225                 RETLW   b'11001111'                     ;9
0095   34EF           00226                 RETLW   b'11101111'                     ;A
0096   34F9           00227                 RETLW   b'11111001'                     ;B
0097   3473           00228                 RETLW   b'01110011'                     ;C
0098   34BD           00229                 RETLW   b'10111101'                     ;D
0099   34F3           00230                 RETLW   b'11110011'                     ;E
009A   34E3           00231                 RETLW   b'11100011'                     ;F
009B   3481           00232                 RETLW   b'10000001'                     ;-              
3F10                  00233                 END
MPASM  5.31                          MAIN.ASM   11-12-2018  14:13:12         PAGE  7


SYMBOL TABLE
  LABEL                             VALUE 

ADEN                              00000003
APAGAR_DISPLAYS                   CLRF    PORTA
AUX_STATUS                        00000029
AUX_W                             00000028
BOTONES                           00000045
BRGH                              00000002
BTN_G1                            PORTA,6
BTN_G2                            PORTA,7
BTN_M                             PORTB,0
BTN_R                             PORTA,4
C                                 00000000
C1INV                             00000004
C1OUT                             00000006
C2INV                             00000005
C2OUT                             00000007
CCP1CON                           00000017
CCP1IE                            00000002
CCP1IF                            00000002
CCP1M0                            00000000
CCP1M1                            00000001
CCP1M2                            00000002
CCP1M3                            00000003
CCP1X                             00000005
CCP1Y                             00000004
CCPR1H                            00000016
CCPR1L                            00000015
CIS                               00000003
CM0                               00000000
CM1                               00000001
CM2                               00000002
CMCON                             0000001F
CMIE                              00000006
CMIF                              00000006
CONFI                             0000002C
CONT_AR                           0000002A
CONT_AR_2                         0000002B
CREN                              00000004
CSRC                              00000007
CTRL_DISPLAY                      PORTA
D1                                00000020
D2                                00000021
D3                                00000022
D4                                00000023
DC                                00000001
DEMORA_AR                         00000081
EEADR                             0000009B
EECON1                            0000009C
EECON2                            0000009D
EEDATA                            0000009A
EEIE                              00000007
EEIF                              00000007
F                                 00000001
FERR                              00000002
MPASM  5.31                          MAIN.ASM   11-12-2018  14:13:12         PAGE  8


SYMBOL TABLE
  LABEL                             VALUE 

FIN_T0I                           00000026
FSR                               00000004
GIE                               00000007
INDF                              00000000
INPUT_1                           00000024
INPUT_2                           00000025
INTCON                            0000000B
INTE                              00000004
INTEDG                            00000006
INTF                              00000001
IRP                               00000007
LIMPIAR_DISPLAY                   0000007C
LOOP_AR                           00000083
LOOP_AR_2                         00000085
LOOP_DISPLAY                      00000068
LOOP_RESTAR                       00000062
MOSTRAR                           
MOSTRAR_D2                        00000015
MOSTRAR_D3                        0000001B
MOSTRAR_D4                        00000021
NOT_BO                            00000000
NOT_BOD                           00000000
NOT_BOR                           00000000
NOT_PD                            00000003
NOT_POR                           00000001
NOT_RBPU                          00000007
NOT_T1SYNC                        00000002
NOT_TO                            00000004
OERR                              00000001
OPTION_REG                        00000081
OSCF                              00000003
PCL                               00000002
PCLATH                            0000000A
PCON                              0000008E
PEIE                              00000006
PIE1                              0000008C
PIN_D1                            3
PIN_D2                            2
PIN_D3                            1
PIN_D4                            0
PIR1                              0000000C
PORTA                             00000005
PORTB                             00000006
POSD                              00000027
POSJMP                            00000026
PR2                               00000092
PS0                               00000000
PS1                               00000001
PS2                               00000002
PSA                               00000003
RBIE                              00000003
RBIF                              00000000
RCIE                              00000005
MPASM  5.31                          MAIN.ASM   11-12-2018  14:13:12         PAGE  9


SYMBOL TABLE
  LABEL                             VALUE 

RCIF                              00000005
RCREG                             0000001A
RCSTA                             00000018
RD                                00000000
RP0                               00000005
RP1                               00000006
RX9                               00000006
RX9D                              00000000
SPBRG                             00000099
SPEN                              00000007
SREN                              00000005
STATUS                            00000003
SUMAR                             
SYNC                              00000004
T0CS                              00000005
T0IE                              00000005
T0IF                              00000002
T0SE                              00000004
T1CKPS0                           00000004
T1CKPS1                           00000005
T1CON                             00000010
T1OSCEN                           00000003
T2CKPS0                           00000000
T2CKPS1                           00000001
T2CON                             00000012
TAB_DISPLAY                       0000008A
TMR0                              00000001
TMR1CS                            00000001
TMR1H                             0000000F
TMR1IE                            00000000
TMR1IF                            00000000
TMR1L                             0000000E
TMR1ON                            00000000
TMR2                              00000011
TMR2IE                            00000001
TMR2IF                            00000001
TMR2ON                            00000002
TOUTPS0                           00000003
TOUTPS1                           00000004
TOUTPS2                           00000005
TOUTPS3                           00000006
TRISA                             00000085
TRISB                             00000086
TRMT                              00000001
TX9                               00000006
TX9D                              00000000
TXEN                              00000005
TXIE                              00000004
TXIF                              00000004
TXREG                             00000019
TXSTA                             00000098
VR0                               00000000
VR1                               00000001
MPASM  5.31                          MAIN.ASM   11-12-2018  14:13:12         PAGE 10


SYMBOL TABLE
  LABEL                             VALUE 

VR2                               00000002
VR3                               00000003
VRCON                             0000009F
VREN                              00000007
VROE                              00000006
VRR                               00000005
W                                 00000000
WR                                00000001
WREN                              00000002
WRERR                             00000003
Z                                 00000002
_BODEN_OFF                        00003FBF
_BODEN_ON                         00003FFF
_CP_50                            00002BFF
_CP_75                            000017FF
_CP_ALL                           000003FF
_CP_OFF                           00003FFF
_DATA_CP_OFF                      00003FFF
_DATA_CP_ON                       00003EFF
_ER_OSC_CLKOUT                    00003FFF
_ER_OSC_NOCLKOUT                  00003FFE
_EXTCLK_OSC                       00003FEF
_HS_OSC                           00003FEE
_INTRC_OSC_CLKOUT                 00003FFD
_INTRC_OSC_NOCLKOUT               00003FFC
_LP_OSC                           00003FEC
_LVP_OFF                          00003F7F
_LVP_ON                           00003FFF
_MCLRE_OFF                        00003FDF
_MCLRE_ON                         00003FFF
_PWRTE_OFF                        00003FFF
_PWRTE_ON                         00003FF7
_WDT_OFF                          00003FFB
_WDT_ON                           00003FFF
_XT_OSC                           00003FED
__16F628                          00000001
__DEBUG                           1

Errors   :     0
Warnings :     0 reported,     0 suppressed
Messages :     9 reported,     0 suppressed

