MPASM  5.31                          MAIN.ASM   11-12-2018  16:56:19         PAGE  1


LOC  OBJECT CODE     LINE SOURCE TEXT
  VALUE

                      00001                 #INCLUDE<P16F628.INC>
                      00001         LIST
                      00002 ; P16F628.INC  Standard Header File, Version 1.01    Microchip Technology, Inc.
                      00261         LIST
2007   3F10           00002                 __CONFIG 3F10
                      00003                 
                      00004 ;DECLARACION DE ESPACIOS DE MEMORIA A USAR              
                      00005                 CBLOCK  0X20
  00000020            00006                 D1                                                                      ;VARIABLE CON EL
                             VALOR DEL DISPLAY 1
  00000021            00007                 D2                                                                      ;VARIABLE CON EL
                             VALOR DEL DISPLAY 2
  00000022            00008                 D3                                                                      ;VARIABLE CON EL
                             VALOR DEL DISPLAY 3
  00000023            00009                 D4                                                                      ;VARIABLE CON EL
                             VALOR DEL DISPLAY 4
  00000024            00010                 INPUT_1                                                         ;PRIMER INPUT (0x0000 A 
                            0x0FFF)
  00000025            00011                 INPUT_2                                                         ;SEGUNDO INPUT (0x0000 A
                             0x0FFF)
  00000026            00012                 RESULTADO                                                       ;RESULTADO (0x0000 A 0x0
                            FFF)
  00000027            00013                 AUX_W
  00000028            00014                 AUX_STATUS
  00000029            00015                 CONT_AR 
  0000002A            00016                 CONT_AR_2
                      00017                 ENDC            
                      00018 
                      00019 ;DECLARACION DE CONSTATNES
                      00020 #DEFINE BTN_G1  PORTA,6
                      00021 #DEFINE BTN_G2  PORTA,7
                      00022 #DEFINE BTN_R   PORTA,4
                      00023 #DEFINE BTN_M   PORTB,0
                      00024 
                      00025 #DEFINE PIN_D1  3
                      00026 #DEFINE PIN_D2  2
                      00027 #DEFINE PIN_D3  1
                      00028 #DEFINE PIN_D4  0
                      00029 
                      00030 #DEFINE CTRL_DISPLAY    PORTA
                      00031 #DEFINE APAGAR_DISPLAYS CLRF    PORTA
                      00032 
                      00033 ;DECLARACION DE MACROS
                      00034 
                      00035 MOSTRAR MACRO   DIGITO,PIN
                      00036                 APAGAR_DISPLAYS
                      00037                 MOVF    DIGITO,W
                      00038                 CALL    TAB_DISPLAY
                      00039                 MOVWF   PORTB
                      00040                 BSF             CTRL_DISPLAY,PIN
                      00041                 ENDM
                      00042 
                      00043 SUMAR   MACRO   DIGITO
MPASM  5.31                          MAIN.ASM   11-12-2018  16:56:19         PAGE  2


LOC  OBJECT CODE     LINE SOURCE TEXT
  VALUE

                      00044                 INCF    DIGITO,1
                      00045                 MOVF    DIGITO,W
                      00046                 XORLW   .16                                     ; LIMITE DE DIGITO -1
                      00047                 BTFSC   STATUS,Z                        ; SI LLEGO AL LIMITE Z = 0
                      00048                 CLRF    DIGITO                          ; LO PONE EN 0 PORQUE Z = 0
                      00049                 BTFSC   STATUS,Z
                      00050                 CALL    LOOP_DISPLAY
                      00051                 ENDM                                            
                      00052 
                      00053 ;INICIO DEL PROGRAMA
                      00054                 
                      00055                 ORG             0X00
0000   2???           00056                 GOTO    CONFI
                      00057                 ORG             0X04            
                      00058 
                      00059 ;RUTINA DE INTERRUPCION
                      00060 ;DESBORDA EL TIMER CADA 15ms
                      00061 ;MUESTRA TODOS LOS DIGITOS DE ACUERDO A LAS VARIABLES D1:4
                      00062 
                      00063 ;GUARDA STATUS Y W EN VARIABLES AUXILIARES
0004   110B           00064                 BCF             INTCON,T0IF
0005   138B           00065                 BCF             INTCON,GIE              
0006   00A7           00066                 MOVWF   AUX_W
0007   3003           00067                 MOVLW   STATUS
0008   00A8           00068                 MOVWF   AUX_STATUS
                      00069 ;MULTIPLEXADO DE DISPLAYS
0009   1985           00070                 BTFSC   CTRL_DISPLAY,PIN_D1
000A   2???           00071                 GOTO    MOSTRAR_D2                      
000B   1905           00072                 BTFSC   CTRL_DISPLAY,PIN_D2
000C   2???           00073                 GOTO    MOSTRAR_D3
000D   1885           00074                 BTFSC   CTRL_DISPLAY,PIN_D3
000E   2???           00075                 GOTO    MOSTRAR_D4
                      00076                 
                      00077                 MOSTRAR D1,PIN_D1
000F   0185               M                 APAGAR_DISPLAYS
0010   0820               M                 MOVF    D1,W
0011   2???               M                 CALL    TAB_DISPLAY
0012   0086               M                 MOVWF   PORTB
0013   1585               M                 BSF             CTRL_DISPLAY,3
0014   2???           00078                 GOTO    FIN_T0I
                      00079 
0015                  00080 MOSTRAR_D2
                      00081                 MOSTRAR D2,PIN_D2
0015   0185               M                 APAGAR_DISPLAYS
0016   0821               M                 MOVF    D2,W
0017   2???               M                 CALL    TAB_DISPLAY
0018   0086               M                 MOVWF   PORTB
0019   1505               M                 BSF             CTRL_DISPLAY,2
001A   2???           00082                 GOTO    FIN_T0I
                      00083 
001B                  00084 MOSTRAR_D3
                      00085                 MOSTRAR D3,PIN_D3
001B   0185               M                 APAGAR_DISPLAYS
MPASM  5.31                          MAIN.ASM   11-12-2018  16:56:19         PAGE  3


LOC  OBJECT CODE     LINE SOURCE TEXT
  VALUE

001C   0822               M                 MOVF    D3,W
001D   2???               M                 CALL    TAB_DISPLAY
001E   0086               M                 MOVWF   PORTB
001F   1485               M                 BSF             CTRL_DISPLAY,1
0020   2???           00086                 GOTO    FIN_T0I
                      00087 
0021                  00088 MOSTRAR_D4
                      00089                 MOSTRAR D4,PIN_D4
0021   0185               M                 APAGAR_DISPLAYS
0022   0823               M                 MOVF    D4,W
0023   2???               M                 CALL    TAB_DISPLAY
0024   0086               M                 MOVWF   PORTB
0025   1405               M                 BSF             CTRL_DISPLAY,0
                      00090                 
0026                  00091 FIN_T0I
                      00092 ;REINICIA TIMER Y RECUPERA STATUS Y W
0026   30C6           00093                 MOVLW   .198
0027   0081           00094                 MOVWF   TMR0
0028   0828           00095                 MOVF    AUX_STATUS,W
0029   0083           00096                 MOVWF   STATUS
002A   0827           00097                 MOVF    AUX_W,W
002B   0009           00098                 RETFIE
                      00099 
                      00100 ;CONFIGURACION
                      00101                 
002C                  00102 CONFI
002C   3007           00103                 MOVLW   0X07
002D   009F           00104                 MOVWF   CMCON; CMCON SE TIENE QUE ESTABLECER EN 7 PARA USAR TODO EL PORTA
002E   30C6           00105                 MOVLW   .198
002F   0081           00106                 MOVWF   TMR0
0030   1683           00107                 BSF             STATUS,RP0
0031   3001           00108                 MOVLW   b'00000001'
Message[302]: Register in operand not in bank 0.  Ensure that bank bits are correct.
0032   0086           00109                 MOVWF   TRISB   
0033   30F0           00110                 MOVLW   b'11110000'
Message[302]: Register in operand not in bank 0.  Ensure that bank bits are correct.
0034   0085           00111                 MOVWF   TRISA
Message[302]: Register in operand not in bank 0.  Ensure that bank bits are correct.
0035   1281           00112                 BCF             OPTION_REG,T0CS
Message[302]: Register in operand not in bank 0.  Ensure that bank bits are correct.
0036   1181           00113                 BCF             OPTION_REG,PSA
Message[302]: Register in operand not in bank 0.  Ensure that bank bits are correct.
0037   1401           00114                 BSF             OPTION_REG,PS0
Message[302]: Register in operand not in bank 0.  Ensure that bank bits are correct.
0038   1481           00115                 BSF             OPTION_REG,PS1
Message[302]: Register in operand not in bank 0.  Ensure that bank bits are correct.
0039   1501           00116                 BSF             OPTION_REG,PS2
003A   178B           00117                 BSF             INTCON,GIE
003B   168B           00118                 BSF             INTCON,T0IE
003C   1283           00119                 BCF             STATUS,RP0
                      00120 
                      00121 ;RUTINA PRINCIPAL
                      00122 ;INCREMENTA DE 0 A 9 CADA DIGITO DEPENDIENDO QUE BOTON SE TOCA. 
MPASM  5.31                          MAIN.ASM   11-12-2018  16:56:19         PAGE  4


LOC  OBJECT CODE     LINE SOURCE TEXT
  VALUE

                      00123 
003D   0185           00124                 CLRF    PORTA
003E   0186           00125                 CLRF    PORTB
003F   01A0           00126                 CLRF    D1
0040   01A1           00127                 CLRF    D2
0041   01A2           00128                 CLRF    D3
0042   01A3           00129                 CLRF    D4
0043                  00130 BOTONES
0043   1B05           00131                 BTFSC   BTN_G1                  ;BOTON G1 = INCREMENTA
0044   2???           00132                 CALL    DEMORA_AR
0045   1B05           00133                 BTFSC   BTN_G1                  
                      00134                 SUMAR   D3                              ;TIENE QUE SUMAR DE 000 A FFF (D3 Y D4 ESTAN INV
                            ERTIDOS EN EL SIMULADOR)
0046   0AA2               M                 INCF    D3,1
0047   0822               M                 MOVF    D3,W
0048   3A10               M                 XORLW   .16                                     ; LIMITE DE DIGITO -1
0049   1903               M                 BTFSC   STATUS,Z                        ; SI LLEGO AL LIMITE Z = 0
004A   01A2               M                 CLRF    D3                              ; LO PONE EN 0 PORQUE Z = 0
004B   1903               M                 BTFSC   STATUS,Z
004C   2???               M                 CALL    LOOP_DISPLAY
                      00135                 
004D   1B85           00136                 BTFSC   BTN_G2                  ;BOTON G2 = RESTA
004E   2???           00137                 CALL    DEMORA_AR
004F   1B85           00138                 BTFSC   BTN_G2
0050   2???           00139                 CALL    LOOP_RESTAR             ;VERFICA LOS DISPLAY Y LE RESTA DE A 1
                      00140 
0051   1A05           00141                 BTFSC   BTN_R
0052   2???           00142                 CALL    DEMORA_AR
0053   1A05           00143                 BTFSC   BTN_R
0054   2???           00144                 CALL    REINICIAR
                      00145 
0055   1806           00146                 BTFSC   BTN_M
0056   2???           00147                 CALL    DEMORA_AR
0057   1806           00148                 BTFSC   BTN_M
0058   2???           00149                 CALL    SETVARIABLE
                      00150 
0059   2???           00151                 GOTO    BOTONES
                      00152 
005A                  00153 SETVARIABLE
                      00154                 ;SI INPUT_1 NO ESTA VACIO GUARDAR EN INPUT_2 Y MOSTRAR RESULTADO
                      00155                 ;SINO GUARDAR VARIABLE EN INPUT_1 Y VOLVER A INGRESAR NUMERO
005A   0008           00156                 RETURN
                      00157 
005B                  00158 REINICIAR
005B   2???           00159                 CALL    LIMPIAR_DISPLAY ;LIMPIA DISPLAY Y DEJA LAS VARIABLES EN 0
005C   01A4           00160                 CLRF    INPUT_1
005D   01A5           00161                 CLRF    INPUT_2
005E   01A6           00162                 CLRF    RESULTADO
005F   0008           00163                 RETURN
                      00164 
0060                  00165 LOOP_RESTAR
0060   0822           00166                 MOVF    D3,0                    ;SI D3 ES 00 NO HACER NADA SINO RESTAR
0061   1803           00167                 BTFSC   STATUS,W
MPASM  5.31                          MAIN.ASM   11-12-2018  16:56:19         PAGE  5


LOC  OBJECT CODE     LINE SOURCE TEXT
  VALUE

0062   03A2           00168                 DECF    D3,1
0063   0008           00169                 RETURN
                      00170 
0064                  00171 LOOP_DISPLAY
0064   0822           00172                 MOVF    D3,0                    ;D3 (VER SI NO ESTAN MEZCLADOS EN EL REAL) 
0065   3C10           00173                 SUBLW   .16
0066   1C03           00174                 BTFSS   STATUS,W                ;W = 0
0067   0008           00175                 RETURN
Message[305]: Using default destination of 1 (file).
0068   0AA3           00176                 INCF    D4                              ; SI ES 16 EMPEZAR A SUMARLE AL TERCER DISPLAY
0069   0823           00177                 MOVF    D4,W
006A   3A10           00178                 XORLW   .16                             ; LIMITE DE DIGITO -1
006B   1903           00179                 BTFSC   STATUS,Z                ; SI LLEGO AL LIMITE Z = 1
006C   01A3           00180                 CLRF    D4                              ; LO PONE EN 0 PORQUE Z = 1
006D   1903           00181                 BTFSC   STATUS,Z                        
006E   0823           00182                 MOVF    D4,0                    ;D4 (VER) SI ES 0 SUMARLE UNO A D2
006F   3C10           00183                 SUBLW   .16
0070   1C03           00184                 BTFSS   STATUS,W
0071   0008           00185                 RETURN
Message[305]: Using default destination of 1 (file).
0072   0AA1           00186                 INCF    D2
0073   0821           00187                 MOVF    D2,W
0074   3A10           00188                 XORLW   .16
0075   1903           00189                 BTFSC   STATUS,Z
0076   2???           00190                 CALL    LIMPIAR_DISPLAY ;LLEGO A 0X0FFF
0077   0008           00191                 RETURN
                      00192 
0078                  00193 LIMPIAR_DISPLAY
0078   01A3           00194                 CLRF    D4
0079   01A2           00195                 CLRF    D3
007A   01A1           00196                 CLRF    D2
007B   01A0           00197                 CLRF    D1
007C   0008           00198                 RETURN
007D                  00199 DEMORA_AR
007D   30FF           00200                 MOVLW   .255
007E   00A9           00201                 MOVWF   CONT_AR
007F                  00202 LOOP_AR
007F   30FF           00203                 MOVLW   .255
0080   00AA           00204                 MOVWF   CONT_AR_2
0081                  00205 LOOP_AR_2
0081   0BAA           00206                 DECFSZ  CONT_AR_2,1
0082   2???           00207                 GOTO    LOOP_AR_2
0083   0BA9           00208                 DECFSZ  CONT_AR,1
0084   2???           00209                 GOTO    LOOP_AR
0085   0008           00210                 RETURN
                      00211                         
                      00212 ;CONVERSOR A DISPLAY
                      00213 ;RB1->SEG A
                      00214 ;RB2->SEG B 
                      00215 ;RB3->SEG C
                      00216 ;RB4->SEG D
                      00217 ;RB5->SEG E 
                      00218 ;RB6->SEG F
MPASM  5.31                          MAIN.ASM   11-12-2018  16:56:19         PAGE  6


LOC  OBJECT CODE     LINE SOURCE TEXT
  VALUE

                      00219 ;RB7->SEG G
                      00220 
0086                  00221 TAB_DISPLAY
0086   0782           00222                 ADDWF   PCL,1
                      00223                 ;         GFEDCBA-
0087   347F           00224                 RETLW   b'01111111'                     ;0
0088   340D           00225                 RETLW   b'00001101'                     ;1
0089   34B7           00226                 RETLW   b'10110111'                     ;2
008A   349F           00227                 RETLW   b'10011111'                     ;3
008B   34CD           00228                 RETLW   b'11001101'                     ;4
008C   34DB           00229                 RETLW   b'11011011'                     ;5
008D   34FB           00230                 RETLW   b'11111011'                     ;6
008E   340F           00231                 RETLW   b'00001111'                     ;7
008F   34FF           00232                 RETLW   b'11111111'                     ;8
0090   34CF           00233                 RETLW   b'11001111'                     ;9
0091   34EF           00234                 RETLW   b'11101111'                     ;A
0092   34F9           00235                 RETLW   b'11111001'                     ;B
0093   3473           00236                 RETLW   b'01110011'                     ;C
0094   34BD           00237                 RETLW   b'10111101'                     ;D
0095   34F3           00238                 RETLW   b'11110011'                     ;E
0096   34E3           00239                 RETLW   b'11100011'                     ;F
0097   3481           00240                 RETLW   b'10000001'                     ;-              
3F10                  00241                 END
MPASM  5.31                          MAIN.ASM   11-12-2018  16:56:19         PAGE  7


SYMBOL TABLE
  LABEL                             VALUE 

ADEN                              00000003
APAGAR_DISPLAYS                   CLRF    PORTA
AUX_STATUS                        00000028
AUX_W                             00000027
BOTONES                           00000043
BRGH                              00000002
BTN_G1                            PORTA,6
BTN_G2                            PORTA,7
BTN_M                             PORTB,0
BTN_R                             PORTA,4
C                                 00000000
C1INV                             00000004
C1OUT                             00000006
C2INV                             00000005
C2OUT                             00000007
CCP1CON                           00000017
CCP1IE                            00000002
CCP1IF                            00000002
CCP1M0                            00000000
CCP1M1                            00000001
CCP1M2                            00000002
CCP1M3                            00000003
CCP1X                             00000005
CCP1Y                             00000004
CCPR1H                            00000016
CCPR1L                            00000015
CIS                               00000003
CM0                               00000000
CM1                               00000001
CM2                               00000002
CMCON                             0000001F
CMIE                              00000006
CMIF                              00000006
CONFI                             0000002C
CONT_AR                           00000029
CONT_AR_2                         0000002A
CREN                              00000004
CSRC                              00000007
CTRL_DISPLAY                      PORTA
D1                                00000020
D2                                00000021
D3                                00000022
D4                                00000023
DC                                00000001
DEMORA_AR                         0000007D
EEADR                             0000009B
EECON1                            0000009C
EECON2                            0000009D
EEDATA                            0000009A
EEIE                              00000007
EEIF                              00000007
F                                 00000001
FERR                              00000002
MPASM  5.31                          MAIN.ASM   11-12-2018  16:56:19         PAGE  8


SYMBOL TABLE
  LABEL                             VALUE 

FIN_T0I                           00000026
FSR                               00000004
GIE                               00000007
INDF                              00000000
INPUT_1                           00000024
INPUT_2                           00000025
INTCON                            0000000B
INTE                              00000004
INTEDG                            00000006
INTF                              00000001
IRP                               00000007
LIMPIAR_DISPLAY                   00000078
LOOP_AR                           0000007F
LOOP_AR_2                         00000081
LOOP_DISPLAY                      00000064
LOOP_RESTAR                       00000060
MOSTRAR                           
MOSTRAR_D2                        00000015
MOSTRAR_D3                        0000001B
MOSTRAR_D4                        00000021
NOT_BO                            00000000
NOT_BOD                           00000000
NOT_BOR                           00000000
NOT_PD                            00000003
NOT_POR                           00000001
NOT_RBPU                          00000007
NOT_T1SYNC                        00000002
NOT_TO                            00000004
OERR                              00000001
OPTION_REG                        00000081
OSCF                              00000003
PCL                               00000002
PCLATH                            0000000A
PCON                              0000008E
PEIE                              00000006
PIE1                              0000008C
PIN_D1                            3
PIN_D2                            2
PIN_D3                            1
PIN_D4                            0
PIR1                              0000000C
PORTA                             00000005
PORTB                             00000006
PR2                               00000092
PS0                               00000000
PS1                               00000001
PS2                               00000002
PSA                               00000003
RBIE                              00000003
RBIF                              00000000
RCIE                              00000005
RCIF                              00000005
RCREG                             0000001A
MPASM  5.31                          MAIN.ASM   11-12-2018  16:56:19         PAGE  9


SYMBOL TABLE
  LABEL                             VALUE 

RCSTA                             00000018
RD                                00000000
REINICIAR                         0000005B
RESULTADO                         00000026
RP0                               00000005
RP1                               00000006
RX9                               00000006
RX9D                              00000000
SETVARIABLE                       0000005A
SPBRG                             00000099
SPEN                              00000007
SREN                              00000005
STATUS                            00000003
SUMAR                             
SYNC                              00000004
T0CS                              00000005
T0IE                              00000005
T0IF                              00000002
T0SE                              00000004
T1CKPS0                           00000004
T1CKPS1                           00000005
T1CON                             00000010
T1OSCEN                           00000003
T2CKPS0                           00000000
T2CKPS1                           00000001
T2CON                             00000012
TAB_DISPLAY                       00000086
TMR0                              00000001
TMR1CS                            00000001
TMR1H                             0000000F
TMR1IE                            00000000
TMR1IF                            00000000
TMR1L                             0000000E
TMR1ON                            00000000
TMR2                              00000011
TMR2IE                            00000001
TMR2IF                            00000001
TMR2ON                            00000002
TOUTPS0                           00000003
TOUTPS1                           00000004
TOUTPS2                           00000005
TOUTPS3                           00000006
TRISA                             00000085
TRISB                             00000086
TRMT                              00000001
TX9                               00000006
TX9D                              00000000
TXEN                              00000005
TXIE                              00000004
TXIF                              00000004
TXREG                             00000019
TXSTA                             00000098
VR0                               00000000
MPASM  5.31                          MAIN.ASM   11-12-2018  16:56:19         PAGE 10


SYMBOL TABLE
  LABEL                             VALUE 

VR1                               00000001
VR2                               00000002
VR3                               00000003
VRCON                             0000009F
VREN                              00000007
VROE                              00000006
VRR                               00000005
W                                 00000000
WR                                00000001
WREN                              00000002
WRERR                             00000003
Z                                 00000002
_BODEN_OFF                        00003FBF
_BODEN_ON                         00003FFF
_CP_50                            00002BFF
_CP_75                            000017FF
_CP_ALL                           000003FF
_CP_OFF                           00003FFF
_DATA_CP_OFF                      00003FFF
_DATA_CP_ON                       00003EFF
_ER_OSC_CLKOUT                    00003FFF
_ER_OSC_NOCLKOUT                  00003FFE
_EXTCLK_OSC                       00003FEF
_HS_OSC                           00003FEE
_INTRC_OSC_CLKOUT                 00003FFD
_INTRC_OSC_NOCLKOUT               00003FFC
_LP_OSC                           00003FEC
_LVP_OFF                          00003F7F
_LVP_ON                           00003FFF
_MCLRE_OFF                        00003FDF
_MCLRE_ON                         00003FFF
_PWRTE_OFF                        00003FFF
_PWRTE_ON                         00003FF7
_WDT_OFF                          00003FFB
_WDT_ON                           00003FFF
_XT_OSC                           00003FED
__16F628                          00000001
__DEBUG                           1

Errors   :     0
Warnings :     0 reported,     0 suppressed
Messages :     9 reported,     0 suppressed

