MPLINK 4.31, Linker
Linker Map File - Created Mon Nov 12 16:56:22 2018

                                 Section Info
                  Section       Type    Address   Location Size(Bytes)
                ---------  ---------  ---------  ---------  ---------
                   .org_0       code   0x000000    program   0x000002
                   .cinit    romdata   0x000001    program   0x000004
                   .org_1       code   0x000004    program   0x000128
      .config_2007_MAIN.O       code   0x002007    program   0x000002



                              Program Memory Usage 
                               Start         End      
                           ---------   ---------      
                            0x000000    0x000002      
                            0x000004    0x000097      
                            0x002007    0x002007      
            152 out of 2181 program addresses used, program memory utilization is 6%



                              Symbols - Sorted by Name
                     Name    Address   Location    Storage File                     
                ---------  ---------  ---------  --------- ---------                
                  BOTONES   0x000043    program     static C:\Users\Feddy\Desktop\TPARQ\main.asm
                    CONFI   0x00002c    program     static C:\Users\Feddy\Desktop\TPARQ\main.asm
                DEMORA_AR   0x00007d    program     static C:\Users\Feddy\Desktop\TPARQ\main.asm
                  FIN_T0I   0x000026    program     static C:\Users\Feddy\Desktop\TPARQ\main.asm
          LIMPIAR_DISPLAY   0x000078    program     static C:\Users\Feddy\Desktop\TPARQ\main.asm
                  LOOP_AR   0x00007f    program     static C:\Users\Feddy\Desktop\TPARQ\main.asm
                LOOP_AR_2   0x000081    program     static C:\Users\Feddy\Desktop\TPARQ\main.asm
             LOOP_DISPLAY   0x000064    program     static C:\Users\Feddy\Desktop\TPARQ\main.asm
              LOOP_RESTAR   0x000060    program     static C:\Users\Feddy\Desktop\TPARQ\main.asm
               MOSTRAR_D2   0x000015    program     static C:\Users\Feddy\Desktop\TPARQ\main.asm
               MOSTRAR_D3   0x00001b    program     static C:\Users\Feddy\Desktop\TPARQ\main.asm
               MOSTRAR_D4   0x000021    program     static C:\Users\Feddy\Desktop\TPARQ\main.asm
                REINICIAR   0x00005b    program     static C:\Users\Feddy\Desktop\TPARQ\main.asm
              SETVARIABLE   0x00005a    program     static C:\Users\Feddy\Desktop\TPARQ\main.asm
              TAB_DISPLAY   0x000086    program     static C:\Users\Feddy\Desktop\TPARQ\main.asm



                              Symbols - Sorted by Address
                     Name    Address   Location    Storage File                     
                ---------  ---------  ---------  --------- ---------                
               MOSTRAR_D2   0x000015    program     static C:\Users\Feddy\Desktop\TPARQ\main.asm
               MOSTRAR_D3   0x00001b    program     static C:\Users\Feddy\Desktop\TPARQ\main.asm
               MOSTRAR_D4   0x000021    program     static C:\Users\Feddy\Desktop\TPARQ\main.asm
                  FIN_T0I   0x000026    program     static C:\Users\Feddy\Desktop\TPARQ\main.asm
                    CONFI   0x00002c    program     static C:\Users\Feddy\Desktop\TPARQ\main.asm
                  BOTONES   0x000043    program     static C:\Users\Feddy\Desktop\TPARQ\main.asm
              SETVARIABLE   0x00005a    program     static C:\Users\Feddy\Desktop\TPARQ\main.asm
                REINICIAR   0x00005b    program     static C:\Users\Feddy\Desktop\TPARQ\main.asm
              LOOP_RESTAR   0x000060    program     static C:\Users\Feddy\Desktop\TPARQ\main.asm
             LOOP_DISPLAY   0x000064    program     static C:\Users\Feddy\Desktop\TPARQ\main.asm
          LIMPIAR_DISPLAY   0x000078    program     static C:\Users\Feddy\Desktop\TPARQ\main.asm
                DEMORA_AR   0x00007d    program     static C:\Users\Feddy\Desktop\TPARQ\main.asm
                  LOOP_AR   0x00007f    program     static C:\Users\Feddy\Desktop\TPARQ\main.asm
                LOOP_AR_2   0x000081    program     static C:\Users\Feddy\Desktop\TPARQ\main.asm
              TAB_DISPLAY   0x000086    program     static C:\Users\Feddy\Desktop\TPARQ\main.asm


