MPLINK 4.31, Linker
Linker Map File - Created Sun Nov 11 12:10:12 2018

                                 Section Info
                  Section       Type    Address   Location Size(Bytes)
                ---------  ---------  ---------  ---------  ---------
                   .org_0       code   0x000000    program   0x000002
                   .cinit    romdata   0x000001    program   0x000004
                   .org_1       code   0x000004    program   0x0000e8
      .config_2007_MAIN.O       code   0x002007    program   0x000002



                              Program Memory Usage 
                               Start         End      
                           ---------   ---------      
                            0x000000    0x000002      
                            0x000004    0x000077      
                            0x002007    0x002007      
            120 out of 2181 program addresses used, program memory utilization is 5%



                              Symbols - Sorted by Name
                     Name    Address   Location    Storage File                     
                ---------  ---------  ---------  --------- ---------                
                  BOTONES   0x000043    program     static C:\Users\Feddy\Desktop\Arq. de Computadoras\main.asm
                    CONFI   0x00002c    program     static C:\Users\Feddy\Desktop\Arq. de Computadoras\main.asm
                DEMORA_AR   0x000064    program     static C:\Users\Feddy\Desktop\Arq. de Computadoras\main.asm
                  FIN_T0I   0x000026    program     static C:\Users\Feddy\Desktop\Arq. de Computadoras\main.asm
                  LOOP_AR   0x000066    program     static C:\Users\Feddy\Desktop\Arq. de Computadoras\main.asm
                LOOP_AR_2   0x000068    program     static C:\Users\Feddy\Desktop\Arq. de Computadoras\main.asm
               MOSTRAR_D2   0x000015    program     static C:\Users\Feddy\Desktop\Arq. de Computadoras\main.asm
               MOSTRAR_D3   0x00001b    program     static C:\Users\Feddy\Desktop\Arq. de Computadoras\main.asm
               MOSTRAR_D4   0x000021    program     static C:\Users\Feddy\Desktop\Arq. de Computadoras\main.asm
              TAB_DISPLAY   0x00006d    program     static C:\Users\Feddy\Desktop\Arq. de Computadoras\main.asm



                              Symbols - Sorted by Address
                     Name    Address   Location    Storage File                     
                ---------  ---------  ---------  --------- ---------                
               MOSTRAR_D2   0x000015    program     static C:\Users\Feddy\Desktop\Arq. de Computadoras\main.asm
               MOSTRAR_D3   0x00001b    program     static C:\Users\Feddy\Desktop\Arq. de Computadoras\main.asm
               MOSTRAR_D4   0x000021    program     static C:\Users\Feddy\Desktop\Arq. de Computadoras\main.asm
                  FIN_T0I   0x000026    program     static C:\Users\Feddy\Desktop\Arq. de Computadoras\main.asm
                    CONFI   0x00002c    program     static C:\Users\Feddy\Desktop\Arq. de Computadoras\main.asm
                  BOTONES   0x000043    program     static C:\Users\Feddy\Desktop\Arq. de Computadoras\main.asm
                DEMORA_AR   0x000064    program     static C:\Users\Feddy\Desktop\Arq. de Computadoras\main.asm
                  LOOP_AR   0x000066    program     static C:\Users\Feddy\Desktop\Arq. de Computadoras\main.asm
                LOOP_AR_2   0x000068    program     static C:\Users\Feddy\Desktop\Arq. de Computadoras\main.asm
              TAB_DISPLAY   0x00006d    program     static C:\Users\Feddy\Desktop\Arq. de Computadoras\main.asm


